error[E0277]: the trait bound `False: DiscriminantInRange` is not satisfied
  --> $DIR/09-variant-out-of-range.rs:17:5
   |
17 |     External,
   |     ^^^^^^^^ the trait `DiscriminantInRange` is not implemented for `False`
   |
  ::: $WORKSPACE/bitfield/src/check.rs
   |
   | where <Self::CheckType as DispatchTrueFalse>::Out: DiscriminantInRange{
   |                                                    ------------------- required by this bound in `CheckDiscriminantInRange`
